[96m[1m​[22m[39m
[96m[1mNetlify Build                                                 [22m[39m
[96m[1m────────────────────────────────────────────────────────────────[22m[39m
[36m[1m​[22m[39m
[36m[1m❯ Version[22m[39m
  @netlify/build 35.13.4
[36m[1m​[22m[39m
[36m[1m❯ Flags[22m[39m
  accountId: 6953e603ca751468eb24b625
  deployId: 6a0754e66f27520e142b6d55
[36m[1m​[22m[39m
[36m[1m❯ Current directory[22m[39m
  F:\Krishiv portfolio
[36m[1m​[22m[39m
[36m[1m❯ Config file[22m[39m
  F:\Krishiv portfolio\netlify.toml
[36m[1m​[22m[39m
[36m[1m❯ Context[22m[39m
  production
[96m[1m​[22m[39m
[96m[1mbuild.command from netlify.toml                               [22m[39m
[96m[1m────────────────────────────────────────────────────────────────[22m[39m
​
[36m$ echo 'Static site - no build step needed'[39m
'Static site - no build step needed'
​
[90m(build.command completed in 70ms)[39m

Deploying to Netlify
────────────────────────────────────────────────────────────────

[32mDeploy path: [39m       F:\Krishiv portfolio
[32mConfiguration path: [39mF:\Krishiv portfolio\netlify.toml

[33m⠋[39m Uploading blobs to deploy store...

[32m✔[39m Finished uploading blobs to deploy store
[33m⠋[39m Hashing files...
[33m⠋[39m Looking for a functions cache...
[32m✔[39m No cached functions were found
[32m✔[39m Finished hashing 
[33m⠋[39m CDN diffing files...
[32m✔[39m CDN requesting 1 files
[33m⠋[39m Uploading 1 files
 »   Warning: JSONHTTPError: no records matched 422
 »   Warning: 
{
  "name": "JSONHTTPError",
  "status": 422,
  "json": {
    "code": 422,
    "message": "no records matched"
  }
}

[91m[1m​[22m[39m
[91m[1mInternal error during "options.onPostBuild"                   [22m[39m
[91m[1m────────────────────────────────────────────────────────────────[22m[39m
​
  [31m[1mError message[22m[39m
  JSONHTTPError: Unprocessable Entity
​
  [31m[1mError location[22m[39m
  During options.onPostBuild
      at parseResponse (file:///C:/Users/naina/AppData/Roaming/npm/node_modules/netlify-cli/node_modules/@netlify/api/lib/methods/response.js:34:39)
      at process.processTicksAndRejections (node:internal/process/task_queues:103:5)
      at async callMethod (file:///C:/Users/naina/AppData/Roaming/npm/node_modules/netlify-cli/node_modules/@netlify/api/lib/methods/index.js:26:28)
      at async tryUpload (file:///C:/Users/naina/AppData/Roaming/npm/node_modules/netlify-cli/dist/utils/deploy/upload-files.js:80:29)
​
  [31m[1mError properties[22m[39m
  {
    name: [32m'JSONHTTPError'[39m,
    status: [33m422[39m,
    json: { code: [33m422[39m, message: [32m'no records matched'[39m }
  }
​
  [31m[1mResolved config[22m[39m
  build:
    command: echo 'Static site - no build step needed'
    commandOrigin: config
    publish: F:\Krishiv portfolio
    publishOrigin: config
  headers:
    - for: "*.css"
      values:
        Cache-Control: public, max-age=31536000, immutable
    - for: "*.js"
      values:
        Cache-Control: public, max-age=31536000, immutable
    - for: "*.svg"
      values:
        Cache-Control: public, max-age=31536000, immutable
    - for: "*.png"
      values:
        Cache-Control: public, max-age=31536000, immutable
    - for: "*.jpg"
      values:
        Cache-Control: public, max-age=31536000, immutable
    - for: "*.mp3"
      values:
        Cache-Control: public, max-age=31536000, immutable
    - for: /*.html
      values:
        Referrer-Policy: strict-origin-when-cross-origin
        X-Content-Type-Options: nosniff
        X-Frame-Options: SAMEORIGIN
  headersOrigin: config
  redirects:
    - from: /
      status: 200
      to: /index.html
    - force: true
      from: /api/*
      status: 200
      to: https://krishiv-new-portfoilo.vercel.app/api/:splat
    - from: /*
      status: 200
      to: /:splat
  redirectsOrigin: config
 »   Error: Error while running build
